nogen lv1 rhythm {"gen":2,"level":1,"seed":1234,"meter":"3/4","bars":8,"hint":"1단계 첫걸음 — 온·2분·4분음표와 4분쉼표 (동요·찬송가)","sum":"· 3/4 · 8마디 · 1단계 첫걸음 · BPM 96","pressed":["1"],"saved":"2/1","svg":true}
  reopen 2 1 | · 3/4 · 8마디 · 1단계 첫걸음 · BPM 96
nogen lv1 melody {"gen":2,"level":1,"seed":1234,"meter":"3/4","bars":8,"hint":"1단계 첫걸음 — 온·2분·4분음표와 4분쉼표 (동요·찬송가)","sum":"· 3/4 · 8마디 · 1단계 첫걸음 · BPM 96","pressed":["1"],"saved":"2/1","svg":true}
  reopen 2 1 | · 3/4 · 8마디 · 1단계 첫걸음 · BPM 96
nogen lv2 rhythm {"gen":2,"level":4,"seed":1234,"meter":"3/4","bars":8,"hint":"4단계 16분음표 — 16분음표 넷, 8분+16분 묶음 (클래식·가요 반주)","sum":"· 3/4 · 8마디 · 4단계 16분음표 · BPM 96","pressed":["4"],"saved":"2/4","svg":true}
  reopen 2 4 | · 3/4 · 8마디 · 4단계 16분음표 · BPM 96
nogen lv2 melody {"gen":2,"level":4,"seed":1234,"meter":"3/4","bars":8,"hint":"4단계 16분음표 — 16분음표 넷, 8분+16분 묶음 (클래식·가요 반주)","sum":"· 3/4 · 8마디 · 4단계 16분음표 · BPM 96","pressed":["4"],"saved":"2/4","svg":true}
  reopen 2 4 | · 3/4 · 8마디 · 4단계 16분음표 · BPM 96
nogen lv3 rhythm {"gen":2,"level":7,"seed":1234,"meter":"3/4","bars":8,"hint":"7단계 고급 — 32분음표, 다섯~일곱잇단, 겹점 (클래식 기교곡)","sum":"· 3/4 · 8마디 · 7단계 고급 · BPM 96","pressed":["7"],"saved":"2/7","svg":true}
  reopen 2 7 | · 3/4 · 8마디 · 7단계 고급 · BPM 96
nogen lv3 melody {"gen":2,"level":7,"seed":1234,"meter":"3/4","bars":8,"hint":"7단계 고급 — 32분음표, 다섯~일곱잇단, 겹점 (클래식 기교곡)","sum":"· 3/4 · 8마디 · 7단계 고급 · BPM 96","pressed":["7"],"saved":"2/7","svg":true}
  reopen 2 7 | · 3/4 · 8마디 · 7단계 고급 · BPM 96
gen0 lv1 {"gen":0,"level":1,"hint":"이전 판 난이도(쉬움)로 만든 악보입니다. 단계를 누르면 새 난이도로 바뀝니다.","sum":"· 3/4 · 8마디 · 쉬움(이전 판) · BPM 96","info":"악보 번호 1234 · 3/4 · 8마디 · 쉬움(이전 판)","pressed":0,"svg":true}
  meter change 2 1 | 1단계 첫걸음 — 온·2분·4분음표와 4분쉼표 (동요·찬송가) | · 6/8 · 8마디 · 1단계 첫걸음 · BPM 96
  new score 2 1 | 1단계 첫걸음 — 온·2분·4분음표와 4분쉼표 (동요·찬송가)
  play ■ 멈추기
  click 2 2 2 | 2단계 8분음표 — 8분음표가 들어간 기본 박 (동요·가요 발라드) | 2
gen0 lv2 {"gen":0,"level":2,"hint":"이전 판 난이도(보통)로 만든 악보입니다. 단계를 누르면 새 난이도로 바뀝니다.","sum":"· 3/4 · 8마디 · 보통(이전 판) · BPM 96","info":"악보 번호 1234 · 3/4 · 8마디 + 못갖춘마디 · 보통(이전 판)","pressed":0,"svg":true}
  meter change 2 4 | 4단계 16분음표 — 16분음표 넷, 8분+16분 묶음 (클래식·가요 반주) | · 6/8 · 8마디 · 4단계 16분음표 · BPM 96
  new score 2 4 | 4단계 16분음표 — 16분음표 넷, 8분+16분 묶음 (클래식·가요 반주)
  play ■ 멈추기
  click 2 2 2 | 2단계 8분음표 — 8분음표가 들어간 기본 박 (동요·가요 발라드) | 2
gen0 lv3 {"gen":0,"level":3,"hint":"이전 판 난이도(어려움)로 만든 악보입니다. 단계를 누르면 새 난이도로 바뀝니다.","sum":"· 3/4 · 8마디 · 어려움(이전 판) · BPM 96","info":"악보 번호 1234 · 3/4 · 8마디 + 못갖춘마디 · 어려움(이전 판)","pressed":0,"svg":true}
  meter change 2 7 | 7단계 고급 — 32분음표, 다섯~일곱잇단, 겹점 (클래식 기교곡) | · 6/8 · 8마디 · 7단계 고급 · BPM 96
  new score 2 7 | 7단계 고급 — 32분음표, 다섯~일곱잇단, 겹점 (클래식 기교곡)
  play ■ 멈추기
  click 2 2 2 | 2단계 8분음표 — 8분음표가 들어간 기본 박 (동요·가요 발라드) | 2
odd level 0 {"gen":2,"level":1,"hint":"1단계 첫걸음 — 온·2분·4분음표와 4분쉼표 (동요·찬송가)","svg":true}
odd level 4 {"gen":2,"level":1,"hint":"1단계 첫걸음 — 온·2분·4분음표와 4분쉼표 (동요·찬송가)","svg":true}
odd level 7 {"gen":2,"level":1,"hint":"1단계 첫걸음 — 온·2분·4분음표와 4분쉼표 (동요·찬송가)","svg":true}
odd level null {"gen":2,"level":1,"hint":"1단계 첫걸음 — 온·2분·4분음표와 4분쉼표 (동요·찬송가)","svg":true}
odd level "2" {"gen":2,"level":1,"hint":"1단계 첫걸음 — 온·2분·4분음표와 4분쉼표 (동요·찬송가)","svg":true}
oldlink l1 0 1 | 이전 판 난이도(쉬움)로 만든 악보입니다. 단계를 누르면 새 난이도로 바뀝니다.
oldlink l2 0 2 | 이전 판 난이도(보통)로 만든 악보입니다. 단계를 누르면 새 난이도로 바뀝니다.
oldlink l3 0 3 | 이전 판 난이도(어려움)로 만든 악보입니다. 단계를 누르면 새 난이도로 바뀝니다.
--- console errors above if any
--- console ---

